// Jest Snapshot v1, https://goo.gl/fbAQLP

exports[`matches snapshot 1`] = `
<div
  data-testid="flag"
>
  <img
    aria-label="Israel"
    className="mr-3"
    src="https://cdnjs.cloudflare.com/ajax/libs/flag-icon-css/3.4.3/flags/4x3/il.svg"
    style={
      Object {
        "display": "inline-block",
        "height": "2em",
        "verticalAlign": "middle",
        "width": "2em",
      }
    }
  />
</div>
`;
