// Jest Snapshot v1, https://goo.gl/fbAQLP

exports[`matches snapshot 1`] = `
<div
  className="mt-3 pt-3"
  data-testid="search-list"
  style={
    Object {
      "borderTop": "1px solid #dee2e6",
    }
  }
>
  <div
    className="d-flex p-2 flex-column"
    data-testid="item-1"
  >
    <div
      className="d-flex align-items-center"
    >
      <div
        className="d-flex align-items-center justify-content-center mr-3"
        style={
          Object {
            "backgroundColor": "#e5e5e5",
            "borderRadius": "50%",
            "flexShrink": "0",
            "height": "30px",
            "width": "30px",
          }
        }
      >
        1
      </div>
      <input
        aria-label="ip address"
        className="form-control mr-3 w-50"
        data-testid="item-input-1"
        disabled={false}
        onBlur={[Function]}
        onChange={[Function]}
        type="text"
        value=""
      />
    </div>
  </div>
  <div
    className="d-flex p-2 flex-column"
    data-testid="item-2"
  >
    <div
      className="d-flex align-items-center"
    >
      <div
        className="d-flex align-items-center justify-content-center mr-3"
        style={
          Object {
            "backgroundColor": "#e5e5e5",
            "borderRadius": "50%",
            "flexShrink": "0",
            "height": "30px",
            "width": "30px",
          }
        }
      >
        2
      </div>
      <input
        aria-label="ip address"
        className="form-control mr-3 w-50"
        data-testid="item-input-2"
        disabled={false}
        onBlur={[Function]}
        onChange={[Function]}
        type="text"
        value=""
      />
    </div>
  </div>
</div>
`;
